[INFO ] 2025-07-04 18:10:27.156 [main] UserLoginSteps - setup executed....
[INFO ] 2025-07-04 18:10:27.980 [main] UserLoginSteps - setup2 executed....
[INFO ] 2025-07-04 18:10:30.452 [main] UserLoginSteps - setup executed....
[INFO ] 2025-07-04 18:10:30.524 [main] UserLoginSteps - user launched chrome browser
[INFO ] 2025-07-04 18:10:31.880 [main] UserLoginSteps - url is opened by user
[INFO ] 2025-07-04 18:10:32.384 [main] UserLoginSteps - user entered username& password
[INFO ] 2025-07-04 18:10:32.594 [main] UserLoginSteps - user clicked login
[INFO ] 2025-07-04 18:24:36.550 [main] UserLoginSteps - setup executed....
[INFO ] 2025-07-04 18:24:36.556 [main] UserLoginSteps - setup2 executed....
[INFO ] 2025-07-04 18:24:36.611 [main] UserLoginSteps - user launched chrome browser
[INFO ] 2025-07-04 18:24:37.413 [main] UserLoginSteps - url is opened by user
[INFO ] 2025-07-04 18:24:37.856 [main] UserLoginSteps - user entered username& password
[INFO ] 2025-07-04 18:24:39.709 [main] UserLoginSteps - user clicked login
[WARN ] 2025-07-04 18:24:39.796 [main] UserLoginSteps - Test passed-login feature: product name matched
[INFO ] 2025-07-04 18:24:45.535 [main] UserLoginSteps - setup executed....
[INFO ] 2025-07-04 18:24:45.536 [main] UserLoginSteps - setup2 executed....
[INFO ] 2025-07-04 18:24:45.549 [main] UserLoginSteps - user launched chrome browser
[INFO ] 2025-07-04 18:24:46.445 [main] UserLoginSteps - url is opened by user
[INFO ] 2025-07-04 18:24:46.882 [main] UserLoginSteps - user entered username& password
[INFO ] 2025-07-04 18:24:47.126 [main] UserLoginSteps - user clicked login
[INFO ] 2025-07-04 20:18:01.328 [main] UserLoginSteps - setup1 executed....
[INFO ] 2025-07-04 20:18:01.349 [main] UserLoginSteps - setup2 executed....
[INFO ] 2025-07-04 20:18:01.425 [main] UserLoginSteps - user launched chrome browser
[INFO ] 2025-07-04 20:18:02.409 [main] UserLoginSteps - url is opened by user
[INFO ] 2025-07-04 20:18:03.671 [main] UserLoginSteps - user entered username& password
[INFO ] 2025-07-04 20:18:06.310 [main] UserLoginSteps - user clicked login
[WARN ] 2025-07-04 20:18:06.434 [main] UserLoginSteps - Test passed-login feature: product name matched
[INFO ] 2025-07-04 20:18:12.080 [main] UserLoginSteps - setup1 executed....
[INFO ] 2025-07-04 20:18:12.080 [main] UserLoginSteps - setup2 executed....
[INFO ] 2025-07-04 20:18:12.096 [main] UserLoginSteps - user launched chrome browser
[INFO ] 2025-07-04 20:18:12.715 [main] UserLoginSteps - url is opened by user
[INFO ] 2025-07-04 20:18:13.067 [main] UserLoginSteps - user entered username& password
[INFO ] 2025-07-04 20:18:13.236 [main] UserLoginSteps - user clicked login
[INFO ] 2025-07-04 20:19:54.950 [main] UserLoginSteps - setup2 executed....
[INFO ] 2025-07-04 20:19:58.813 [main] UserLoginSteps - setup2 executed....
[INFO ] 2025-07-04 20:21:32.698 [main] UserLoginSteps - setup1 executed....
[INFO ] 2025-07-04 20:21:32.717 [main] UserLoginSteps - setup2 executed....
[INFO ] 2025-07-04 20:21:32.774 [main] UserLoginSteps - user launched chrome browser
[INFO ] 2025-07-04 20:21:33.693 [main] UserLoginSteps - url is opened by user
[INFO ] 2025-07-04 20:21:34.079 [main] UserLoginSteps - user entered username& password
[INFO ] 2025-07-04 20:21:36.214 [main] UserLoginSteps - user clicked login
[WARN ] 2025-07-04 20:21:41.554 [main] UserLoginSteps - Test passed-login feature: product name matched
[INFO ] 2025-07-04 20:21:50.101 [main] UserLoginSteps - setup1 executed....
[INFO ] 2025-07-04 20:21:50.102 [main] UserLoginSteps - setup2 executed....
[INFO ] 2025-07-04 20:21:50.116 [main] UserLoginSteps - user launched chrome browser
[INFO ] 2025-07-04 20:21:50.761 [main] UserLoginSteps - url is opened by user
[INFO ] 2025-07-04 20:21:51.049 [main] UserLoginSteps - user entered username& password
[INFO ] 2025-07-04 20:21:51.349 [main] UserLoginSteps - user clicked login
[INFO ] 2025-07-04 20:23:44.276 [main] UserLoginSteps - setup1 executed....
[INFO ] 2025-07-04 20:23:44.295 [main] UserLoginSteps - setup2 executed....
[INFO ] 2025-07-04 20:23:44.360 [main] UserLoginSteps - user launched chrome browser
[INFO ] 2025-07-04 20:23:45.185 [main] UserLoginSteps - url is opened by user
[INFO ] 2025-07-04 20:23:45.537 [main] UserLoginSteps - user entered username& password
[INFO ] 2025-07-04 20:23:48.479 [main] UserLoginSteps - user clicked login
[WARN ] 2025-07-04 20:23:48.529 [main] UserLoginSteps - Test passed-login feature: product name matched
[INFO ] 2025-07-04 20:23:55.685 [main] UserLoginSteps - setup1 executed....
[INFO ] 2025-07-04 20:23:55.691 [main] UserLoginSteps - setup2 executed....
[INFO ] 2025-07-04 20:23:55.710 [main] UserLoginSteps - user launched chrome browser
[INFO ] 2025-07-04 20:23:56.411 [main] UserLoginSteps - url is opened by user
[INFO ] 2025-07-04 20:23:56.660 [main] UserLoginSteps - user entered username& password
[INFO ] 2025-07-04 20:23:56.906 [main] UserLoginSteps - user clicked login
[INFO ] 2025-07-04 20:28:04.873 [main] UserLoginSteps - setup1 executed....
[INFO ] 2025-07-04 20:28:04.892 [main] UserLoginSteps - setup2 executed....
[INFO ] 2025-07-04 20:28:04.945 [main] UserLoginSteps - user launched chrome browser
[INFO ] 2025-07-04 20:28:05.934 [main] UserLoginSteps - url is opened by user
[INFO ] 2025-07-04 20:28:06.315 [main] UserLoginSteps - user entered username& password
[INFO ] 2025-07-04 20:28:09.945 [main] UserLoginSteps - user clicked login
[WARN ] 2025-07-04 20:28:10.016 [main] UserLoginSteps - Test passed-login feature: product name matched
[INFO ] 2025-07-04 20:28:17.838 [main] UserLoginSteps - setup1 executed....
[INFO ] 2025-07-04 20:28:17.840 [main] UserLoginSteps - setup2 executed....
[INFO ] 2025-07-04 20:28:17.858 [main] UserLoginSteps - user launched chrome browser
[INFO ] 2025-07-04 20:28:18.437 [main] UserLoginSteps - url is opened by user
[INFO ] 2025-07-04 20:28:18.764 [main] UserLoginSteps - user entered username& password
[INFO ] 2025-07-04 20:28:19.084 [main] UserLoginSteps - user clicked login
[INFO ] 2025-07-04 20:48:09.965 [main] UserLoginSteps - setup1 executed....
[INFO ] 2025-07-04 20:48:10.256 [main] UserLoginSteps - setup2 executed....
[INFO ] 2025-07-04 20:48:10.439 [main] UserLoginSteps - user launched chrome browser
[INFO ] 2025-07-04 20:48:11.690 [main] UserLoginSteps - url is opened by user
[INFO ] 2025-07-04 20:48:12.227 [main] UserLoginSteps - user entered username& password
[INFO ] 2025-07-04 20:48:14.142 [main] UserLoginSteps - user clicked login
[WARN ] 2025-07-04 20:48:14.243 [main] UserLoginSteps - Test passed-login feature: product name matched
[INFO ] 2025-07-04 20:48:28.652 [main] UserLoginSteps - setup1 executed....
[INFO ] 2025-07-04 20:48:28.653 [main] UserLoginSteps - setup2 executed....
[INFO ] 2025-07-04 20:48:28.667 [main] UserLoginSteps - user launched chrome browser
[INFO ] 2025-07-04 20:48:29.262 [main] UserLoginSteps - url is opened by user
[INFO ] 2025-07-04 20:48:29.515 [main] UserLoginSteps - user entered username& password
[INFO ] 2025-07-04 20:48:29.647 [main] UserLoginSteps - user clicked login
[INFO ] 2025-07-04 20:50:19.292 [main] UserLoginSteps - setup1 executed....
[INFO ] 2025-07-04 20:50:19.367 [main] UserLoginSteps - setup2 executed....
[INFO ] 2025-07-04 20:50:19.495 [main] UserLoginSteps - user launched chrome browser
[INFO ] 2025-07-04 20:50:20.197 [main] UserLoginSteps - url is opened by user
[INFO ] 2025-07-04 20:50:20.587 [main] UserLoginSteps - user entered username& password
[INFO ] 2025-07-04 20:50:24.815 [main] UserLoginSteps - user clicked login
[WARN ] 2025-07-04 20:50:24.891 [main] UserLoginSteps - Test passed-login feature: product name matched
[INFO ] 2025-07-04 20:50:39.162 [main] UserLoginSteps - setup1 executed....
[INFO ] 2025-07-04 20:50:39.162 [main] UserLoginSteps - setup2 executed....
[INFO ] 2025-07-04 20:50:39.170 [main] UserLoginSteps - user launched chrome browser
[INFO ] 2025-07-04 20:50:39.801 [main] UserLoginSteps - url is opened by user
[INFO ] 2025-07-04 20:50:40.032 [main] UserLoginSteps - user entered username& password
[INFO ] 2025-07-04 20:50:40.163 [main] UserLoginSteps - user clicked login
[INFO ] 2025-07-04 20:52:01.106 [main] UserLoginSteps - setup1 executed....
[INFO ] 2025-07-04 20:52:01.125 [main] UserLoginSteps - setup2 executed....
[INFO ] 2025-07-04 20:52:01.229 [main] UserLoginSteps - user launched chrome browser
[INFO ] 2025-07-04 20:52:01.791 [main] UserLoginSteps - url is opened by user
[INFO ] 2025-07-04 20:52:02.415 [main] UserLoginSteps - user entered username& password
[INFO ] 2025-07-04 20:52:04.314 [main] UserLoginSteps - user clicked login
[WARN ] 2025-07-04 20:52:04.391 [main] UserLoginSteps - Test passed-login feature: product name matched
[INFO ] 2025-07-04 20:52:18.468 [main] UserLoginSteps - setup1 executed....
[INFO ] 2025-07-04 20:52:18.470 [main] UserLoginSteps - setup2 executed....
[INFO ] 2025-07-04 20:52:18.480 [main] UserLoginSteps - user launched chrome browser
[INFO ] 2025-07-04 20:52:19.096 [main] UserLoginSteps - url is opened by user
[INFO ] 2025-07-04 20:52:19.392 [main] UserLoginSteps - user entered username& password
[INFO ] 2025-07-04 20:52:19.514 [main] UserLoginSteps - user clicked login
[INFO ] 2025-07-04 20:57:25.347 [main] UserLoginSteps - setup1 executed....
[INFO ] 2025-07-04 20:57:25.432 [main] UserLoginSteps - setup2 executed....
[INFO ] 2025-07-04 20:57:25.515 [main] UserLoginSteps - user launched chrome browser
[INFO ] 2025-07-04 20:57:26.443 [main] UserLoginSteps - url is opened by user
[INFO ] 2025-07-04 20:57:26.743 [main] UserLoginSteps - user entered username& password
[INFO ] 2025-07-04 20:57:30.548 [main] UserLoginSteps - user clicked login
[WARN ] 2025-07-04 20:57:30.618 [main] UserLoginSteps - Test passed-login feature: product name matched
[INFO ] 2025-07-04 20:57:33.946 [main] UserLoginSteps - setup1 executed....
[INFO ] 2025-07-04 20:57:33.947 [main] UserLoginSteps - setup2 executed....
[INFO ] 2025-07-04 20:57:33.980 [main] UserLoginSteps - user launched chrome browser
[INFO ] 2025-07-04 20:57:34.778 [main] UserLoginSteps - url is opened by user
[INFO ] 2025-07-04 20:57:35.011 [main] UserLoginSteps - user entered username& password
[INFO ] 2025-07-04 20:57:35.133 [main] UserLoginSteps - user clicked login
[INFO ] 2025-07-04 20:58:01.276 [main] UserLoginSteps - setup1 executed....
[INFO ] 2025-07-04 20:58:01.295 [main] UserLoginSteps - setup2 executed....
[INFO ] 2025-07-04 20:58:01.339 [main] UserLoginSteps - user launched chrome browser
[INFO ] 2025-07-04 20:58:02.131 [main] UserLoginSteps - url is opened by user
[INFO ] 2025-07-04 20:58:02.471 [main] UserLoginSteps - user entered username& password
[INFO ] 2025-07-04 20:58:04.839 [main] UserLoginSteps - user clicked login
[WARN ] 2025-07-04 20:58:04.905 [main] UserLoginSteps - Test passed-login feature: product name matched
[INFO ] 2025-07-04 20:58:08.771 [main] UserLoginSteps - setup1 executed....
[INFO ] 2025-07-04 20:58:08.772 [main] UserLoginSteps - setup2 executed....
[INFO ] 2025-07-04 20:58:08.802 [main] UserLoginSteps - user launched chrome browser
[INFO ] 2025-07-04 20:58:09.137 [main] UserLoginSteps - url is opened by user
[INFO ] 2025-07-04 20:58:09.584 [main] UserLoginSteps - user entered username& password
[INFO ] 2025-07-04 20:58:09.708 [main] UserLoginSteps - user clicked login
[INFO ] 2025-07-04 20:58:27.357 [main] UserLoginSteps - setup1 executed....
[INFO ] 2025-07-04 20:58:27.392 [main] UserLoginSteps - setup2 executed....
[INFO ] 2025-07-04 20:58:27.455 [main] UserLoginSteps - user launched chrome browser
[INFO ] 2025-07-04 20:58:28.918 [main] UserLoginSteps - url is opened by user
[INFO ] 2025-07-04 20:58:29.350 [main] UserLoginSteps - user entered username& password
[INFO ] 2025-07-04 20:58:32.758 [main] UserLoginSteps - user clicked login
[WARN ] 2025-07-04 20:58:32.852 [main] UserLoginSteps - Test passed-login feature: product name matched
[INFO ] 2025-07-04 20:58:42.883 [main] UserLoginSteps - setup1 executed....
[INFO ] 2025-07-04 20:58:42.884 [main] UserLoginSteps - setup2 executed....
[INFO ] 2025-07-04 20:58:42.895 [main] UserLoginSteps - user launched chrome browser
[INFO ] 2025-07-04 20:58:43.444 [main] UserLoginSteps - url is opened by user
[INFO ] 2025-07-04 20:58:43.796 [main] UserLoginSteps - user entered username& password
[INFO ] 2025-07-04 20:58:43.965 [main] UserLoginSteps - user clicked login
[INFO ] 2025-07-05 12:21:38.935 [main] UserLoginSteps - setup1 executed....
[INFO ] 2025-07-05 12:21:38.967 [main] UserLoginSteps - setup2 executed....
[INFO ] 2025-07-05 12:21:39.041 [main] UserLoginSteps - user launched chrome browser
[INFO ] 2025-07-05 12:21:39.772 [main] UserLoginSteps - url is opened by user
[INFO ] 2025-07-05 12:21:40.252 [main] UserLoginSteps - user entered username& password
[INFO ] 2025-07-05 12:21:42.548 [main] UserLoginSteps - user clicked login
[WARN ] 2025-07-05 12:21:42.617 [main] UserLoginSteps - Test passed-login feature: product name matched
[INFO ] 2025-07-05 12:22:00.470 [main] UserLoginSteps - setup1 executed....
[INFO ] 2025-07-05 12:22:00.473 [main] UserLoginSteps - setup2 executed....
[INFO ] 2025-07-05 12:22:00.484 [main] UserLoginSteps - user launched chrome browser
[INFO ] 2025-07-05 12:22:00.813 [main] UserLoginSteps - url is opened by user
[INFO ] 2025-07-05 12:22:01.686 [main] UserLoginSteps - user entered username& password
[INFO ] 2025-07-05 12:22:01.962 [main] UserLoginSteps - user clicked login
